// Jest Snapshot v1, https://goo.gl/fbAQLP

exports[`SearchControl component renders SearchControl 1`] = `
<DocumentFragment>
  <form>
    <label
      for="text"
    >
      Search by keyword: 
    </label>
    <input
      data-testid="textInput"
      id="text"
      name="text"
      placeholder="Search"
      type="text"
      value="dinosaur"
    />
  </form>
</DocumentFragment>
`;
